Component: Arm Compiler for Embedded 6.24 Tool: armlink [5f371500]

==============================================================================

Section Cross References

    stm32f4xx_it.o(.ARM.exidx) refers to stm32f4xx_it.o(.text) for [Anonymous Symbol]
    boardsupport.o(.text) refers to gpiocontrol.o(.text) for gpio_configureGPIO
    boardsupport.o(.ARM.exidx) refers to boardsupport.o(.text) for [Anonymous Symbol]
    main.o(.text) refers to boardsupport.o(.text) for boardSupport_init
    main.o(.text) refers to main.o(.bss.fanButton) for fanButton
    main.o(.text) refers to main.o(.bss.lightButton) for lightButton
    main.o(.text) refers to f2d.o(.text) for __aeabi_f2d
    main.o(.text) refers to dmul.o(.text) for __aeabi_dmul
    main.o(.text) refers to dadd.o(.text) for __aeabi_dadd
    main.o(.text) refers to d2f.o(.text) for __aeabi_d2f
    main.o(.ARM.exidx) refers to main.o(.text) for [Anonymous Symbol]
    gpiocontrol.o(.ARM.exidx) refers to gpiocontrol.o(.text) for [Anonymous Symbol]
    startup_stm32f439xx.o(RESET) refers to startup_stm32f439xx.o(STACK) for __initial_sp
    startup_stm32f439xx.o(RESET) refers to startup_stm32f439xx.o(.text) for Reset_Handler
    startup_stm32f439xx.o(RESET) refers to stm32f4xx_it.o(.text) for NMI_Handler
    startup_stm32f439xx.o(RESET) refers to main.o(.text) for TIM6_DAC_IRQHandler
    startup_stm32f439xx.o(.text) refers to system_stm32f4xx.o(.text) for SystemInit
    startup_stm32f439xx.o(.text) refers to entry.o(.ARM.Collect$$$$00000000) for __main
    system_stm32f4xx.o(.text) refers to system_stm32f4xx.o(.data.SystemCoreClock) for SystemCoreClock
    system_stm32f4xx.o(.text) refers to system_stm32f4xx.o(.rodata.AHBPrescTable) for AHBPrescTable
    system_stm32f4xx.o(.ARM.exidx) refers to system_stm32f4xx.o(.text) for [Anonymous Symbol]
    entry.o(.ARM.Collect$$$$00000000) refers (Special) to entry10a.o(.ARM.Collect$$$$0000000D) for __rt_final_cpp
    entry.o(.ARM.Collect$$$$00000000) refers (Special) to entry11a.o(.ARM.Collect$$$$0000000F) for __rt_final_exit
    entry.o(.ARM.Collect$$$$00000000) refers (Special) to entry7b.o(.ARM.Collect$$$$00000008) for _main_clock
    entry.o(.ARM.Collect$$$$00000000) refers (Special) to entry8b.o(.ARM.Collect$$$$0000000A) for _main_cpp_init
    entry.o(.ARM.Collect$$$$00000000) refers (Special) to entry9a.o(.ARM.Collect$$$$0000000B) for _main_init
    entry.o(.ARM.Collect$$$$00000000) refers (Special) to entry5.o(.ARM.Collect$$$$00000004) for _main_scatterload
    entry.o(.ARM.Collect$$$$00000000) refers (Special) to entry2.o(.ARM.Collect$$$$00000001) for _main_stk
    dadd.o(.text) refers (Special) to iusefp.o(.text) for __I$use$fp
    dadd.o(.text) refers to llshl.o(.text) for __aeabi_llsl
    dadd.o(.text) refers to llsshr.o(.text) for __aeabi_lasr
    dadd.o(.text) refers to depilogue.o(.text) for _double_epilogue
    dmul.o(.text) refers (Special) to iusefp.o(.text) for __I$use$fp
    dmul.o(.text) refers to depilogue.o(.text) for _double_epilogue
    f2d.o(.text) refers (Special) to iusefp.o(.text) for __I$use$fp
    d2f.o(.text) refers (Special) to iusefp.o(.text) for __I$use$fp
    d2f.o(.text) refers to fepilogue.o(.text) for _float_round
    entry2.o(.ARM.Collect$$$$00000001) refers to entry2.o(.ARM.Collect$$$$00002712) for __lit__00000000
    entry2.o(.ARM.Collect$$$$00002712) refers to startup_stm32f439xx.o(STACK) for __initial_sp
    entry2.o(__vectab_stack_and_reset_area) refers to startup_stm32f439xx.o(STACK) for __initial_sp
    entry2.o(__vectab_stack_and_reset_area) refers to entry.o(.ARM.Collect$$$$00000000) for __main
    entry5.o(.ARM.Collect$$$$00000004) refers to init.o(.text) for __scatterload
    entry9a.o(.ARM.Collect$$$$0000000B) refers to main.o(.text) for main
    entry9b.o(.ARM.Collect$$$$0000000C) refers to main.o(.text) for main
    fepilogue.o(.text) refers (Special) to iusefp.o(.text) for __I$use$fp
    depilogue.o(.text) refers (Special) to iusefp.o(.text) for __I$use$fp
    depilogue.o(.text) refers to llshl.o(.text) for __aeabi_llsl
    depilogue.o(.text) refers to llushr.o(.text) for __aeabi_llsr
    init.o(.text) refers to entry5.o(.ARM.Collect$$$$00000004) for __main_after_scatterload


==============================================================================

Removing Unused input sections from the image.

    Removing stm32f4xx_it.o(.ARM.exidx), (40 bytes).
    Removing boardsupport.o(.ARM.exidx), (32 bytes).
    Removing main.o(.ARM.exidx), (104 bytes).
    Removing main.o(.ARM.use_no_argv), (4 bytes).
    Removing gpiocontrol.o(.ARM.exidx), (32 bytes).
    Removing startup_stm32f439xx.o(HEAP), (512 bytes).
    Removing system_stm32f4xx.o(.ARM.exidx), (32 bytes).
    Removing system_stm32f4xx.o(.rodata.APBPrescTable), (8 bytes).

8 unused section(s) (total 764 bytes) removed from the image.

==============================================================================

Image Symbol Table

    Local Symbols

    Symbol Name                              Value     Ov Type        Size  Object(Section)

    ../clib/microlib/init/entry.s            0x00000000   Number         0  entry.o ABSOLUTE
    ../clib/microlib/init/entry.s            0x00000000   Number         0  entry2.o ABSOLUTE
    ../clib/microlib/init/entry.s            0x00000000   Number         0  entry5.o ABSOLUTE
    ../clib/microlib/init/entry.s            0x00000000   Number         0  entry7a.o ABSOLUTE
    ../clib/microlib/init/entry.s            0x00000000   Number         0  entry7b.o ABSOLUTE
    ../clib/microlib/init/entry.s            0x00000000   Number         0  entry8a.o ABSOLUTE
    ../clib/microlib/init/entry.s            0x00000000   Number         0  entry8b.o ABSOLUTE
    ../clib/microlib/init/entry.s            0x00000000   Number         0  entry9a.o ABSOLUTE
    ../clib/microlib/init/entry.s            0x00000000   Number         0  entry9b.o ABSOLUTE
    ../clib/microlib/init/entry.s            0x00000000   Number         0  entry10a.o ABSOLUTE
    ../clib/microlib/init/entry.s            0x00000000   Number         0  entry10b.o ABSOLUTE
    ../clib/microlib/init/entry.s            0x00000000   Number         0  entry11a.o ABSOLUTE
    ../clib/microlib/init/entry.s            0x00000000   Number         0  entry11b.o ABSOLUTE
    ../clib/microlib/longlong.c              0x00000000   Number         0  llshl.o ABSOLUTE
    ../clib/microlib/longlong.c              0x00000000   Number         0  llsshr.o ABSOLUTE
    ../clib/microlib/longlong.c              0x00000000   Number         0  llushr.o ABSOLUTE
    ../clib/microlib/stubs.s                 0x00000000   Number         0  iusefp.o ABSOLUTE
    ../fplib/microlib/d2f.c                  0x00000000   Number         0  d2f.o ABSOLUTE
    ../fplib/microlib/f2d.c                  0x00000000   Number         0  f2d.o ABSOLUTE
    ../fplib/microlib/fpadd.c                0x00000000   Number         0  dadd.o ABSOLUTE
    ../fplib/microlib/fpepilogue.c           0x00000000   Number         0  fepilogue.o ABSOLUTE
    ../fplib/microlib/fpepilogue.c           0x00000000   Number         0  depilogue.o ABSOLUTE
    ../fplib/microlib/fpmul.c                0x00000000   Number         0  dmul.o ABSOLUTE
    RTE\Device\STM32F439IIHx\startup_stm32f439xx.s 0x00000000   Number         0  startup_stm32f439xx.o ABSOLUTE
    boardSupport.c                           0x00000000   Number         0  boardsupport.o ABSOLUTE
    dc.s                                     0x00000000   Number         0  dc.o ABSOLUTE
    gpioControl.c                            0x00000000   Number         0  gpiocontrol.o ABSOLUTE
    handlers.s                               0x00000000   Number         0  handlers.o ABSOLUTE
    init.s                                   0x00000000   Number         0  init.o ABSOLUTE
    main.c                                   0x00000000   Number         0  main.o ABSOLUTE
    stm32f4xx_it.c                           0x00000000   Number         0  stm32f4xx_it.o ABSOLUTE
    system_stm32f4xx.c                       0x00000000   Number         0  system_stm32f4xx.o ABSOLUTE
    RESET                                    0x20000000   Section      428  startup_stm32f439xx.o(RESET)
    .ARM.Collect$$$$00000000                 0x200001ac   Section        0  entry.o(.ARM.Collect$$$$00000000)
    .ARM.Collect$$$$00000001                 0x200001ac   Section        4  entry2.o(.ARM.Collect$$$$00000001)
    .ARM.Collect$$$$00000004                 0x200001b0   Section        4  entry5.o(.ARM.Collect$$$$00000004)
    .ARM.Collect$$$$00000008                 0x200001b4   Section        0  entry7b.o(.ARM.Collect$$$$00000008)
    .ARM.Collect$$$$0000000A                 0x200001b4   Section        0  entry8b.o(.ARM.Collect$$$$0000000A)
    .ARM.Collect$$$$0000000B                 0x200001b4   Section        8  entry9a.o(.ARM.Collect$$$$0000000B)
    __lit__00000000                          0x200001bc   Data           4  entry2.o(.ARM.Collect$$$$00002712)
    .ARM.Collect$$$$0000000D                 0x200001bc   Section        0  entry10a.o(.ARM.Collect$$$$0000000D)
    .ARM.Collect$$$$0000000F                 0x200001bc   Section        0  entry11a.o(.ARM.Collect$$$$0000000F)
    .ARM.Collect$$$$00002712                 0x200001bc   Section        4  entry2.o(.ARM.Collect$$$$00002712)
    [Anonymous Symbol]                       0x200001c0   Section        0  stm32f4xx_it.o(.text)
    [Anonymous Symbol]                       0x200001d4   Section        0  boardsupport.o(.text)
    boardSupport_initGPIO                    0x200001dd   Thumb Code    74  boardsupport.o(.text)
    [Anonymous Symbol]                       0x20000280   Section        0  main.o(.text)
    __NVIC_SetPriority                       0x200007b9   Thumb Code    58  main.o(.text)
    __NVIC_EnableIRQ                         0x200007f5   Thumb Code    42  main.o(.text)
    [Anonymous Symbol]                       0x200009c4   Section        0  gpiocontrol.o(.text)
    $v0                                      0x20000ac4   Number         0  startup_stm32f439xx.o(.text)
    .text                                    0x20000ac4   Section       36  startup_stm32f439xx.o(.text)
    [Anonymous Symbol]                       0x20000ae8   Section        0  system_stm32f4xx.o(.text)
    SetSysClock                              0x20000b61   Thumb Code   308  system_stm32f4xx.o(.text)
    .text                                    0x20001186   Section        0  dadd.o(.text)
    .text                                    0x200012d4   Section        0  dmul.o(.text)
    .text                                    0x200013b8   Section        0  f2d.o(.text)
    .text                                    0x200013de   Section        0  d2f.o(.text)
    .text                                    0x20001416   Section        0  llshl.o(.text)
    .text                                    0x20001434   Section        0  llsshr.o(.text)
    .text                                    0x20001458   Section        0  iusefp.o(.text)
    .text                                    0x20001458   Section        0  fepilogue.o(.text)
    .text                                    0x200014c6   Section        0  depilogue.o(.text)
    .text                                    0x20001580   Section       48  init.o(.text)
    .text                                    0x200015b0   Section        0  llushr.o(.text)
    i.__scatterload_copy                     0x200015d0   Section       14  handlers.o(i.__scatterload_copy)
    i.__scatterload_null                     0x200015de   Section        2  handlers.o(i.__scatterload_null)
    i.__scatterload_zeroinit                 0x200015e0   Section       14  handlers.o(i.__scatterload_zeroinit)
    STACK                                    0x20010028   Section     1024  startup_stm32f439xx.o(STACK)

    Global Symbols

    Symbol Name                              Value     Ov Type        Size  Object(Section)

    BuildAttributes$$THM_ISAv4$E$P$D$K$B$S$7EM$VFPi3$EXTD16$VFPS$VFMA$PE$A:L22UL41UL21$X:L11$S22US41US21$IEEE1$IW$~IW$USESV6$~STKCKD$USESV7$WCHAR32$ENUMINT$~SHL$OTIME$ROPI$EBA8$MICROLIB$REQ8$PRES8$EABIv2 0x00000000   Number         0  anon$$obj.o ABSOLUTE
    __cpp_initialize__aeabi_                  - Undefined Weak Reference
    __cxa_finalize                            - Undefined Weak Reference
    __decompress                              - Undefined Weak Reference
    _clock_init                               - Undefined Weak Reference
    _microlib_exit                            - Undefined Weak Reference
    __Vectors_Size                           0x000001ac   Number         0  startup_stm32f439xx.o ABSOLUTE
    __Vectors                                0x20000000   Data           4  startup_stm32f439xx.o(RESET)
    __Vectors_End                            0x200001ac   Data           0  startup_stm32f439xx.o(RESET)
    __main                                   0x200001ad   Thumb Code     0  entry.o(.ARM.Collect$$$$00000000)
    _main_stk                                0x200001ad   Thumb Code     0  entry2.o(.ARM.Collect$$$$00000001)
    _main_scatterload                        0x200001b1   Thumb Code     0  entry5.o(.ARM.Collect$$$$00000004)
    __main_after_scatterload                 0x200001b5   Thumb Code     0  entry5.o(.ARM.Collect$$$$00000004)
    _main_clock                              0x200001b5   Thumb Code     0  entry7b.o(.ARM.Collect$$$$00000008)
    _main_cpp_init                           0x200001b5   Thumb Code     0  entry8b.o(.ARM.Collect$$$$0000000A)
    _main_init                               0x200001b5   Thumb Code     0  entry9a.o(.ARM.Collect$$$$0000000B)
    __rt_final_cpp                           0x200001bd   Thumb Code     0  entry10a.o(.ARM.Collect$$$$0000000D)
    __rt_final_exit                          0x200001bd   Thumb Code     0  entry11a.o(.ARM.Collect$$$$0000000F)
    NMI_Handler                              0x200001c1   Thumb Code     2  stm32f4xx_it.o(.text)
    MemManage_Handler                        0x200001c5   Thumb Code     4  stm32f4xx_it.o(.text)
    BusFault_Handler                         0x200001c9   Thumb Code     4  stm32f4xx_it.o(.text)
    UsageFault_Handler                       0x200001cd   Thumb Code     4  stm32f4xx_it.o(.text)
    DebugMon_Handler                         0x200001d1   Thumb Code     2  stm32f4xx_it.o(.text)
    boardSupport_init                        0x200001d5   Thumb Code     8  boardsupport.o(.text)
    delay_software_ms                        0x20000229   Thumb Code    42  boardsupport.o(.text)
    delay_software_us                        0x20000255   Thumb Code    40  boardsupport.o(.text)
    RCC_init                                 0x20000281   Thumb Code   202  main.o(.text)
    LED_GPIO_config                          0x2000034d   Thumb Code   336  main.o(.text)
    Input_GPIO_config                        0x2000049d   Thumb Code   258  main.o(.text)
    ADC_config                               0x200005a1   Thumb Code   128  main.o(.text)
    UART_config                              0x20000621   Thumb Code   172  main.o(.text)
    timer6_config                            0x200006cd   Thumb Code    84  main.o(.text)
    main                                     0x20000721   Thumb Code   152  main.o(.text)
    adc_to_temp                              0x20000821   Thumb Code    88  main.o(.text)
    debounce                                 0x20000889   Thumb Code   186  main.o(.text)
    TIM6_DAC_IRQHandler                      0x20000945   Thumb Code    58  main.o(.text)
    sample_ADC                               0x20000981   Thumb Code    68  main.o(.text)
    gpio_configureGPIO                       0x200009c5   Thumb Code   160  gpiocontrol.o(.text)
    gpio_setGPIO                             0x20000a65   Thumb Code    26  gpiocontrol.o(.text)
    gpio_resetGPIO                           0x20000a81   Thumb Code    30  gpiocontrol.o(.text)
    gpio_getPinValue                         0x20000aa1   Thumb Code    36  gpiocontrol.o(.text)
    Reset_Handler                            0x20000ac5   Thumb Code     8  startup_stm32f439xx.o(.text)
    HardFault_Handler                        0x20000acf   Thumb Code     2  startup_stm32f439xx.o(.text)
    SVC_Handler                              0x20000ad7   Thumb Code     2  startup_stm32f439xx.o(.text)
    PendSV_Handler                           0x20000adb   Thumb Code     2  startup_stm32f439xx.o(.text)
    SysTick_Handler                          0x20000add   Thumb Code     2  startup_stm32f439xx.o(.text)
    ADC_IRQHandler                           0x20000adf   Thumb Code     0  startup_stm32f439xx.o(.text)
    CAN1_RX0_IRQHandler                      0x20000adf   Thumb Code     0  startup_stm32f439xx.o(.text)
    CAN1_RX1_IRQHandler                      0x20000adf   Thumb Code     0  startup_stm32f439xx.o(.text)
    CAN1_SCE_IRQHandler                      0x20000adf   Thumb Code     0  startup_stm32f439xx.o(.text)
    CAN1_TX_IRQHandler                       0x20000adf   Thumb Code     0  startup_stm32f439xx.o(.text)
    CAN2_RX0_IRQHandler                      0x20000adf   Thumb Code     0  startup_stm32f439xx.o(.text)
    CAN2_RX1_IRQHandler                      0x20000adf   Thumb Code     0  startup_stm32f439xx.o(.text)
    CAN2_SCE_IRQHandler                      0x20000adf   Thumb Code     0  startup_stm32f439xx.o(.text)
    CAN2_TX_IRQHandler                       0x20000adf   Thumb Code     0  startup_stm32f439xx.o(.text)
    CRYP_IRQHandler                          0x20000adf   Thumb Code     0  startup_stm32f439xx.o(.text)
    DCMI_IRQHandler                          0x20000adf   Thumb Code     0  startup_stm32f439xx.o(.text)
    DMA1_Stream0_IRQHandler                  0x20000adf   Thumb Code     0  startup_stm32f439xx.o(.text)
    DMA1_Stream1_IRQHandler                  0x20000adf   Thumb Code     0  startup_stm32f439xx.o(.text)
    DMA1_Stream2_IRQHandler                  0x20000adf   Thumb Code     0  startup_stm32f439xx.o(.text)
    DMA1_Stream3_IRQHandler                  0x20000adf   Thumb Code     0  startup_stm32f439xx.o(.text)
    DMA1_Stream4_IRQHandler                  0x20000adf   Thumb Code     0  startup_stm32f439xx.o(.text)
    DMA1_Stream5_IRQHandler                  0x20000adf   Thumb Code     0  startup_stm32f439xx.o(.text)
    DMA1_Stream6_IRQHandler                  0x20000adf   Thumb Code     0  startup_stm32f439xx.o(.text)
    DMA1_Stream7_IRQHandler                  0x20000adf   Thumb Code     0  startup_stm32f439xx.o(.text)
    DMA2D_IRQHandler                         0x20000adf   Thumb Code     0  startup_stm32f439xx.o(.text)
    DMA2_Stream0_IRQHandler                  0x20000adf   Thumb Code     0  startup_stm32f439xx.o(.text)
    DMA2_Stream1_IRQHandler                  0x20000adf   Thumb Code     0  startup_stm32f439xx.o(.text)
    DMA2_Stream2_IRQHandler                  0x20000adf   Thumb Code     0  startup_stm32f439xx.o(.text)
    DMA2_Stream3_IRQHandler                  0x20000adf   Thumb Code     0  startup_stm32f439xx.o(.text)
    DMA2_Stream4_IRQHandler                  0x20000adf   Thumb Code     0  startup_stm32f439xx.o(.text)
    DMA2_Stream5_IRQHandler                  0x20000adf   Thumb Code     0  startup_stm32f439xx.o(.text)
    DMA2_Stream6_IRQHandler                  0x20000adf   Thumb Code     0  startup_stm32f439xx.o(.text)
    DMA2_Stream7_IRQHandler                  0x20000adf   Thumb Code     0  startup_stm32f439xx.o(.text)
    ETH_IRQHandler                           0x20000adf   Thumb Code     0  startup_stm32f439xx.o(.text)
    ETH_WKUP_IRQHandler                      0x20000adf   Thumb Code     0  startup_stm32f439xx.o(.text)
    EXTI0_IRQHandler                         0x20000adf   Thumb Code     0  startup_stm32f439xx.o(.text)
    EXTI15_10_IRQHandler                     0x20000adf   Thumb Code     0  startup_stm32f439xx.o(.text)
    EXTI1_IRQHandler                         0x20000adf   Thumb Code     0  startup_stm32f439xx.o(.text)
    EXTI2_IRQHandler                         0x20000adf   Thumb Code     0  startup_stm32f439xx.o(.text)
    EXTI3_IRQHandler                         0x20000adf   Thumb Code     0  startup_stm32f439xx.o(.text)
    EXTI4_IRQHandler                         0x20000adf   Thumb Code     0  startup_stm32f439xx.o(.text)
    EXTI9_5_IRQHandler                       0x20000adf   Thumb Code     0  startup_stm32f439xx.o(.text)
    FLASH_IRQHandler                         0x20000adf   Thumb Code     0  startup_stm32f439xx.o(.text)
    FMC_IRQHandler                           0x20000adf   Thumb Code     0  startup_stm32f439xx.o(.text)
    FPU_IRQHandler                           0x20000adf   Thumb Code     0  startup_stm32f439xx.o(.text)
    HASH_RNG_IRQHandler                      0x20000adf   Thumb Code     0  startup_stm32f439xx.o(.text)
    I2C1_ER_IRQHandler                       0x20000adf   Thumb Code     0  startup_stm32f439xx.o(.text)
    I2C1_EV_IRQHandler                       0x20000adf   Thumb Code     0  startup_stm32f439xx.o(.text)
    I2C2_ER_IRQHandler                       0x20000adf   Thumb Code     0  startup_stm32f439xx.o(.text)
    I2C2_EV_IRQHandler                       0x20000adf   Thumb Code     0  startup_stm32f439xx.o(.text)
    I2C3_ER_IRQHandler                       0x20000adf   Thumb Code     0  startup_stm32f439xx.o(.text)
    I2C3_EV_IRQHandler                       0x20000adf   Thumb Code     0  startup_stm32f439xx.o(.text)
    LTDC_ER_IRQHandler                       0x20000adf   Thumb Code     0  startup_stm32f439xx.o(.text)
    LTDC_IRQHandler                          0x20000adf   Thumb Code     0  startup_stm32f439xx.o(.text)
    OTG_FS_IRQHandler                        0x20000adf   Thumb Code     0  startup_stm32f439xx.o(.text)
    OTG_FS_WKUP_IRQHandler                   0x20000adf   Thumb Code     0  startup_stm32f439xx.o(.text)
    OTG_HS_EP1_IN_IRQHandler                 0x20000adf   Thumb Code     0  startup_stm32f439xx.o(.text)
    OTG_HS_EP1_OUT_IRQHandler                0x20000adf   Thumb Code     0  startup_stm32f439xx.o(.text)
    OTG_HS_IRQHandler                        0x20000adf   Thumb Code     0  startup_stm32f439xx.o(.text)
    OTG_HS_WKUP_IRQHandler                   0x20000adf   Thumb Code     0  startup_stm32f439xx.o(.text)
    PVD_IRQHandler                           0x20000adf   Thumb Code     0  startup_stm32f439xx.o(.text)
    RCC_IRQHandler                           0x20000adf   Thumb Code     0  startup_stm32f439xx.o(.text)
    RTC_Alarm_IRQHandler                     0x20000adf   Thumb Code     0  startup_stm32f439xx.o(.text)
    RTC_WKUP_IRQHandler                      0x20000adf   Thumb Code     0  startup_stm32f439xx.o(.text)
    SAI1_IRQHandler                          0x20000adf   Thumb Code     0  startup_stm32f439xx.o(.text)
    SDIO_IRQHandler                          0x20000adf   Thumb Code     0  startup_stm32f439xx.o(.text)
    SPI1_IRQHandler                          0x20000adf   Thumb Code     0  startup_stm32f439xx.o(.text)
    SPI2_IRQHandler                          0x20000adf   Thumb Code     0  startup_stm32f439xx.o(.text)
    SPI3_IRQHandler                          0x20000adf   Thumb Code     0  startup_stm32f439xx.o(.text)
    SPI4_IRQHandler                          0x20000adf   Thumb Code     0  startup_stm32f439xx.o(.text)
    SPI5_IRQHandler                          0x20000adf   Thumb Code     0  startup_stm32f439xx.o(.text)
    SPI6_IRQHandler                          0x20000adf   Thumb Code     0  startup_stm32f439xx.o(.text)
    TAMP_STAMP_IRQHandler                    0x20000adf   Thumb Code     0  startup_stm32f439xx.o(.text)
    TIM1_BRK_TIM9_IRQHandler                 0x20000adf   Thumb Code     0  startup_stm32f439xx.o(.text)
    TIM1_CC_IRQHandler                       0x20000adf   Thumb Code     0  startup_stm32f439xx.o(.text)
    TIM1_TRG_COM_TIM11_IRQHandler            0x20000adf   Thumb Code     0  startup_stm32f439xx.o(.text)
    TIM1_UP_TIM10_IRQHandler                 0x20000adf   Thumb Code     0  startup_stm32f439xx.o(.text)
    TIM2_IRQHandler                          0x20000adf   Thumb Code     0  startup_stm32f439xx.o(.text)
    TIM3_IRQHandler                          0x20000adf   Thumb Code     0  startup_stm32f439xx.o(.text)
    TIM4_IRQHandler                          0x20000adf   Thumb Code     0  startup_stm32f439xx.o(.text)
    TIM5_IRQHandler                          0x20000adf   Thumb Code     0  startup_stm32f439xx.o(.text)
    TIM7_IRQHandler                          0x20000adf   Thumb Code     0  startup_stm32f439xx.o(.text)
    TIM8_BRK_TIM12_IRQHandler                0x20000adf   Thumb Code     0  startup_stm32f439xx.o(.text)
    TIM8_CC_IRQHandler                       0x20000adf   Thumb Code     0  startup_stm32f439xx.o(.text)
    TIM8_TRG_COM_TIM14_IRQHandler            0x20000adf   Thumb Code     0  startup_stm32f439xx.o(.text)
    TIM8_UP_TIM13_IRQHandler                 0x20000adf   Thumb Code     0  startup_stm32f439xx.o(.text)
    UART4_IRQHandler                         0x20000adf   Thumb Code     0  startup_stm32f439xx.o(.text)
    UART5_IRQHandler                         0x20000adf   Thumb Code     0  startup_stm32f439xx.o(.text)
    UART7_IRQHandler                         0x20000adf   Thumb Code     0  startup_stm32f439xx.o(.text)
    UART8_IRQHandler                         0x20000adf   Thumb Code     0  startup_stm32f439xx.o(.text)
    USART1_IRQHandler                        0x20000adf   Thumb Code     0  startup_stm32f439xx.o(.text)
    USART2_IRQHandler                        0x20000adf   Thumb Code     0  startup_stm32f439xx.o(.text)
    USART3_IRQHandler                        0x20000adf   Thumb Code     0  startup_stm32f439xx.o(.text)
    USART6_IRQHandler                        0x20000adf   Thumb Code     0  startup_stm32f439xx.o(.text)
    WWDG_IRQHandler                          0x20000adf   Thumb Code     0  startup_stm32f439xx.o(.text)
    SystemInit                               0x20000ae9   Thumb Code   120  system_stm32f4xx.o(.text)
    SystemInit_ExtMemCtl                     0x20000c95   Thumb Code   964  system_stm32f4xx.o(.text)
    SystemCoreClockUpdate                    0x20001059   Thumb Code   302  system_stm32f4xx.o(.text)
    __aeabi_dadd                             0x20001187   Thumb Code   322  dadd.o(.text)
    __aeabi_dsub                             0x200012c9   Thumb Code     6  dadd.o(.text)
    __aeabi_drsub                            0x200012cf   Thumb Code     6  dadd.o(.text)
    __aeabi_dmul                             0x200012d5   Thumb Code   228  dmul.o(.text)
    __aeabi_f2d                              0x200013b9   Thumb Code    38  f2d.o(.text)
    __aeabi_d2f                              0x200013df   Thumb Code    56  d2f.o(.text)
    __aeabi_llsl                             0x20001417   Thumb Code    30  llshl.o(.text)
    _ll_shift_l                              0x20001417   Thumb Code     0  llshl.o(.text)
    __aeabi_lasr                             0x20001435   Thumb Code    36  llsshr.o(.text)
    _ll_sshift_r                             0x20001435   Thumb Code     0  llsshr.o(.text)
    __I$use$fp                               0x20001459   Thumb Code     0  iusefp.o(.text)
    _float_round                             0x20001459   Thumb Code    18  fepilogue.o(.text)
    _float_epilogue                          0x2000146b   Thumb Code    92  fepilogue.o(.text)
    _double_round                            0x200014c7   Thumb Code    30  depilogue.o(.text)
    _double_epilogue                         0x200014e5   Thumb Code   156  depilogue.o(.text)
    __scatterload                            0x20001581   Thumb Code    38  init.o(.text)
    __scatterload_rt2                        0x20001581   Thumb Code     0  init.o(.text)
    __aeabi_llsr                             0x200015b1   Thumb Code    32  llushr.o(.text)
    _ll_ushift_r                             0x200015b1   Thumb Code     0  llushr.o(.text)
    __scatterload_copy                       0x200015d1   Thumb Code    14  handlers.o(i.__scatterload_copy)
    __scatterload_null                       0x200015df   Thumb Code     2  handlers.o(i.__scatterload_null)
    __scatterload_zeroinit                   0x200015e1   Thumb Code    14  handlers.o(i.__scatterload_zeroinit)
    AHBPrescTable                            0x200015ee   Data          16  system_stm32f4xx.o(.rodata.AHBPrescTable)
    Region$$Table$$Base                      0x20001600   Number         0  anon$$obj.o(Region$$Table)
    Region$$Table$$Limit                     0x20001620   Number         0  anon$$obj.o(Region$$Table)
    SystemCoreClock                          0x20010000   Data           4  system_stm32f4xx.o(.data.SystemCoreClock)
    fanButton                                0x20010008   Data          16  main.o(.bss.fanButton)
    lightButton                              0x20010018   Data          16  main.o(.bss.lightButton)
    __initial_sp                             0x20010428   Data           0  startup_stm32f439xx.o(STACK)



==============================================================================

Memory Map of the image

  Image Entry point : 0x200001ad

  Load Region LR_IROM1 (Base: 0x20000000, Size: 0x00001628, Max: 0x00010000, ABSOLUTE)

    Execution Region ER_IROM1 (Exec base: 0x20000000, Load base: 0x20000000, Size: 0x00001620, Max: 0x00010000, ABSOLUTE)

    Exec Addr    Load Addr    Size         Type   Attr      Idx    E Section Name        Object

    0x20000000   0x20000000   0x000001ac   Data   RO           34    RESET               startup_stm32f439xx.o
    0x200001ac   0x200001ac   0x00000000   Code   RO           51  * .ARM.Collect$$$$00000000  mc_w.l(entry.o)
    0x200001ac   0x200001ac   0x00000004   Code   RO           62    .ARM.Collect$$$$00000001  mc_w.l(entry2.o)
    0x200001b0   0x200001b0   0x00000004   Code   RO           65    .ARM.Collect$$$$00000004  mc_w.l(entry5.o)
    0x200001b4   0x200001b4   0x00000000   Code   RO           67    .ARM.Collect$$$$00000008  mc_w.l(entry7b.o)
    0x200001b4   0x200001b4   0x00000000   Code   RO           69    .ARM.Collect$$$$0000000A  mc_w.l(entry8b.o)
    0x200001b4   0x200001b4   0x00000008   Code   RO           70    .ARM.Collect$$$$0000000B  mc_w.l(entry9a.o)
    0x200001bc   0x200001bc   0x00000000   Code   RO           72    .ARM.Collect$$$$0000000D  mc_w.l(entry10a.o)
    0x200001bc   0x200001bc   0x00000000   Code   RO           74    .ARM.Collect$$$$0000000F  mc_w.l(entry11a.o)
    0x200001bc   0x200001bc   0x00000004   Code   RO           63    .ARM.Collect$$$$00002712  mc_w.l(entry2.o)
    0x200001c0   0x200001c0   0x00000012   Code   RO            1    .text               stm32f4xx_it.o
    0x200001d2   0x200001d2   0x00000002   PAD
    0x200001d4   0x200001d4   0x000000a8   Code   RO            8    .text               boardsupport.o
    0x2000027c   0x2000027c   0x00000004   PAD
    0x20000280   0x20000280   0x00000744   Code   RO           15    .text               main.o
    0x200009c4   0x200009c4   0x00000100   Code   RO           25    .text               gpiocontrol.o
    0x20000ac4   0x20000ac4   0x00000024   Code   RO           35    .text               startup_stm32f439xx.o
    0x20000ae8   0x20000ae8   0x0000069e   Code   RO           41    .text               system_stm32f4xx.o
    0x20001186   0x20001186   0x0000014e   Code   RO           54    .text               mf_w.l(dadd.o)
    0x200012d4   0x200012d4   0x000000e4   Code   RO           56    .text               mf_w.l(dmul.o)
    0x200013b8   0x200013b8   0x00000026   Code   RO           58    .text               mf_w.l(f2d.o)
    0x200013de   0x200013de   0x00000038   Code   RO           60    .text               mf_w.l(d2f.o)
    0x20001416   0x20001416   0x0000001e   Code   RO           76    .text               mc_w.l(llshl.o)
    0x20001434   0x20001434   0x00000024   Code   RO           78    .text               mc_w.l(llsshr.o)
    0x20001458   0x20001458   0x00000000   Code   RO           80    .text               mc_w.l(iusefp.o)
    0x20001458   0x20001458   0x0000006e   Code   RO           81    .text               mf_w.l(fepilogue.o)
    0x200014c6   0x200014c6   0x000000ba   Code   RO           83    .text               mf_w.l(depilogue.o)
    0x20001580   0x20001580   0x00000030   Code   RO           85    .text               mc_w.l(init.o)
    0x200015b0   0x200015b0   0x00000020   Code   RO           87    .text               mc_w.l(llushr.o)
    0x200015d0   0x200015d0   0x0000000e   Code   RO           91    i.__scatterload_copy  mc_w.l(handlers.o)
    0x200015de   0x200015de   0x00000002   Code   RO           92    i.__scatterload_null  mc_w.l(handlers.o)
    0x200015e0   0x200015e0   0x0000000e   Code   RO           93    i.__scatterload_zeroinit  mc_w.l(handlers.o)
    0x200015ee   0x200015ee   0x00000010   Data   RO           44    .rodata.AHBPrescTable  system_stm32f4xx.o
    0x200015fe   0x200015fe   0x00000002   PAD
    0x20001600   0x20001600   0x00000020   Data   RO           90    Region$$Table       anon$$obj.o


    Execution Region RW_IRAM1 (Exec base: 0x20010000, Load base: 0x20001620, Size: 0x00000428, Max: 0x00010000, ABSOLUTE)

    Exec Addr    Load Addr    Size         Type   Attr      Idx    E Section Name        Object

    0x20010000   0x20001620   0x00000004   Data   RW           43    .data.SystemCoreClock  system_stm32f4xx.o
    0x20010004   0x20001624   0x00000004   PAD
    0x20010008        -       0x00000010   Zero   RW           17    .bss.fanButton      main.o
    0x20010018        -       0x00000010   Zero   RW           18    .bss.lightButton    main.o
    0x20010028        -       0x00000400   Zero   RW           32    STACK               startup_stm32f439xx.o


==============================================================================

Image component sizes


      Code (inc. data)   RO Data    RW Data    ZI Data      Debug   Object Name

       168          0          0          0          0       2192   boardsupport.o
       256          0          0          0          0       2382   gpiocontrol.o
      1860         20          0          0         32       7780   main.o
        36          8        428          0       1024        932   startup_stm32f439xx.o
        18          0          0          0          0        645   stm32f4xx_it.o
      1694          0         16          4          0       4158   system_stm32f4xx.o

    ----------------------------------------------------------------------
      4038         28        478          4       1060      18089   Object Totals
         0          0         32          0          0          0   (incl. Generated)
         6          0          2          0          4          0   (incl. Padding)

    ----------------------------------------------------------------------

      Code (inc. data)   RO Data    RW Data    ZI Data      Debug   Library Member Name

         0          0          0          0          0          0   entry.o
         0          0          0          0          0          0   entry10a.o
         0          0          0          0          0          0   entry11a.o
         8          4          0          0          0          0   entry2.o
         4          0          0          0          0          0   entry5.o
         0          0          0          0          0          0   entry7b.o
         0          0          0          0          0          0   entry8b.o
         8          4          0          0          0          0   entry9a.o
        30          0          0          0          0          0   handlers.o
        48         10          0          0          0         68   init.o
         0          0          0          0          0          0   iusefp.o
        30          0          0          0          0         68   llshl.o
        36          0          0          0          0         68   llsshr.o
        32          0          0          0          0         68   llushr.o
        56          0          0          0          0         88   d2f.o
       334          0          0          0          0        148   dadd.o
       186          0          0          0          0        176   depilogue.o
       228          0          0          0          0         96   dmul.o
        38          0          0          0          0         68   f2d.o
       110          0          0          0          0        168   fepilogue.o

    ----------------------------------------------------------------------
      1148         18          0          0          0       1016   Library Totals
         0          0          0          0          0          0   (incl. Padding)

    ----------------------------------------------------------------------

      Code (inc. data)   RO Data    RW Data    ZI Data      Debug   Library Name

       196         18          0          0          0        272   mc_w.l
       952          0          0          0          0        744   mf_w.l

    ----------------------------------------------------------------------
      1148         18          0          0          0       1016   Library Totals

    ----------------------------------------------------------------------

==============================================================================


      Code (inc. data)   RO Data    RW Data    ZI Data      Debug   

      5186         46        478          4       1060      18865   Grand Totals
      5186         46        478          4       1060      18865   ELF Image Totals
      5186         46        478          4          0          0   ROM Totals

==============================================================================

    Total RO  Size (Code + RO Data)                 5664 (   5.53kB)
    Total RW  Size (RW Data + ZI Data)              1064 (   1.04kB)
    Total ROM Size (Code + RO Data + RW Data)       5668 (   5.54kB)

==============================================================================

