<html>
<body>
<pre>
<h1>µVision Build Log</h1>
<h2>Tool Versions:</h2>
IDE-Version: µVision V5.43.1.0
Copyright (C) 2025 ARM Ltd and ARM Germany GmbH. All rights reserved.
License Information: Software RMIT
RMIT University
User-based license: Keil MDK Community (non-commercial free of charge)
Valid until: Jun 1 2033. Cached until: Jun 4 2026
 
Tool Versions:
Toolchain:       Keil MDK Community (non-commercial free of charge  Version: 5.43.0.0
Toolchain Path:  c:\Keil_v5\ARM\ARMCLANG\Bin
C Compiler:      ArmClang.exe V6.24
Assembler:       Armasm.exe V6.24
Linker/Locator:  ArmLink.exe V6.24
Library Manager: ArmAr.exe V6.24
Hex Converter:   FromElf.exe V6.24
CPU DLL:         SARMCM3.DLL V5.43.0.0
Dialog DLL:      DCM.DLL V1.17.5.0
Target DLL:      Segger\JL2CM3.dll V2.99.45.0
Dialog DLL:      TCM.DLL V1.56.6.0
 
<h2>Project:</h2>
C:\Users\s4222107\OneDrive - RMIT University\2026\Semester 1\Embedded System Design and Implementation (EEET2096)\project\EEET2096-Home-Management-System\STM32F439_Template.uvprojx
Project File Date:  05/28/2026

<h2>Output:</h2>
*** Using Compiler 'V6.24', folder: 'c:\Keil_v5\ARM\ARMCLANG\Bin'
Build target 'STM32F4 RAM'
creating preprocessor file for stm32f4xx_it.c...
creating preprocessor file for main.c...
creating preprocessor file for gpioControl.c...
compiling stm32f4xx_it.c...
creating list file for stm32f4xx_it.c...
compiling gpioControl.c...
creating preprocessor file for boardSupport.c...
creating list file for adc_handler.c...
creating list file for gpioControl.c...
compiling main.c...
compiling boardSupport.c...
creating list file for boardSupport.c...
creating list file for main.c...
creating preprocessor file for button_handler.c...
creating list file for control.c...
creating preprocessor file for adc_handler.c...
compiling button_handler.c...
creating list file for button_handler.c...
creating preprocessor file for control.c...
creating preprocessor file for uart_handler.c...
creating preprocessor file for setup.c...
compiling control.c...
compiling adc_handler.c...
creating list file for uart_handler.c...
compiling setup.c...
creating list file for setup.c...
assembling startup_stm32f439xx.s...
compiling uart_handler.c...
creating list file for system_stm32f4xx.c...
creating preprocessor file for system_stm32f4xx.c...
compiling system_stm32f4xx.c...
linking...
Program Size: Code=10308 RO-data=488 RW-data=8 ZI-data=1096  
".\RAM\STM32F4_RAM.axf" - 0 Error(s), 0 Warning(s).

<h2>Software Packages used:</h2>

Package Vendor: ARM
                https://www.keil.com/pack/ARM.CMSIS.6.3.0.pack
                ARM::CMSIS@6.3.0
                CMSIS (Common Microcontroller Software Interface Standard)
   * Component: CORE Version: 6.2.0

Package Vendor: Keil
                https://www.keil.com/pack/Keil.STM32F4xx_DFP.3.1.1.pack
                Keil::STM32F4xx_DFP@3.1.1
                STMicroelectronics STM32F4 Series Device Support

<h2>Collection of Component include folders:</h2>
  ./RTE/_STM32F4_RAM
  C:/Keil_v5/ARM/PACK/ARM/CMSIS/6.3.0/CMSIS/Core/Include

<h2>Collection of Component Files used:</h2>

   * Component: ARM::CMSIS:CORE@6.2.0
Build Time Elapsed:  00:00:07
</pre>
</body>
</html>
