Component: Arm Compiler for Embedded 6.24 Tool: armlink [5f371500]

==============================================================================

Section Cross References

    stm32f4xx_it.o(.ARM.exidx) refers to stm32f4xx_it.o(.text) for [Anonymous Symbol]
    boardsupport.o(.text) refers to gpiocontrol.o(.text) for gpio_configureGPIO
    boardsupport.o(.ARM.exidx) refers to boardsupport.o(.text) for [Anonymous Symbol]
    main.o(.text) refers to boardsupport.o(.text) for boardSupport_init
    main.o(.text) refers to main.o(.bss.fanButton) for fanButton
    main.o(.text) refers to f2d.o(.text) for __aeabi_f2d
    main.o(.text) refers to main.o(.bss.currentTemp) for currentTemp
    main.o(.text) refers to main.o(.data.autoControl) for autoControl
    main.o(.text) refers to main.o(.bss.lightButton) for lightButton
    main.o(.text) refers to main.o(.bss.auto_lockout) for auto_lockout
    main.o(.text) refers to main.o(.bss.ms_counter) for ms_counter
    main.o(.text) refers to main.o(.bss.isCoolingOn) for isCoolingOn
    main.o(.text) refers to main.o(.bss.isHeaterOn) for isHeaterOn
    main.o(.text) refers to dmul.o(.text) for __aeabi_dmul
    main.o(.text) refers to dadd.o(.text) for __aeabi_dadd
    main.o(.text) refers to d2f.o(.text) for __aeabi_d2f
    main.o(.text) refers to main.o(.bss.fanControl) for fanControl
    main.o(.text) refers to main.o(.bss.fan_lockout) for fan_lockout
    main.o(.text) refers to main.o(.bss.getPacket.state) for getPacket.state
    main.o(.text) refers to dcmpge.o(.text) for __aeabi_dcmpge
    main.o(.text) refers to dcmpgt.o(.text) for __aeabi_dcmpgt
    main.o(.text) refers to main.o(.bss.construct_packet.packet) for construct_packet.packet
    main.o(.text) refers to main.o(.rodata.str1.1) for .L.str
    main.o(.text) refers to printfa.o(i.__0snprintf) for snprintf
    main.o(.text) refers to dcmple.o(.text) for __aeabi_dcmple
    main.o(.ARM.exidx) refers to main.o(.text) for [Anonymous Symbol]
    gpiocontrol.o(.ARM.exidx) refers to gpiocontrol.o(.text) for [Anonymous Symbol]
    startup_stm32f439xx.o(RESET) refers to startup_stm32f439xx.o(STACK) for __initial_sp
    startup_stm32f439xx.o(RESET) refers to startup_stm32f439xx.o(.text) for Reset_Handler
    startup_stm32f439xx.o(RESET) refers to stm32f4xx_it.o(.text) for NMI_Handler
    startup_stm32f439xx.o(RESET) refers to main.o(.text) for TIM6_DAC_IRQHandler
    startup_stm32f439xx.o(.text) refers to system_stm32f4xx.o(.text) for SystemInit
    startup_stm32f439xx.o(.text) refers to entry.o(.ARM.Collect$$$$00000000) for __main
    system_stm32f4xx.o(.text) refers to system_stm32f4xx.o(.data.SystemCoreClock) for SystemCoreClock
    system_stm32f4xx.o(.text) refers to system_stm32f4xx.o(.rodata.AHBPrescTable) for AHBPrescTable
    system_stm32f4xx.o(.ARM.exidx) refers to system_stm32f4xx.o(.text) for [Anonymous Symbol]
    entry.o(.ARM.Collect$$$$00000000) refers (Special) to entry10a.o(.ARM.Collect$$$$0000000D) for __rt_final_cpp
    entry.o(.ARM.Collect$$$$00000000) refers (Special) to entry11a.o(.ARM.Collect$$$$0000000F) for __rt_final_exit
    entry.o(.ARM.Collect$$$$00000000) refers (Special) to entry7b.o(.ARM.Collect$$$$00000008) for _main_clock
    entry.o(.ARM.Collect$$$$00000000) refers (Special) to entry8b.o(.ARM.Collect$$$$0000000A) for _main_cpp_init
    entry.o(.ARM.Collect$$$$00000000) refers (Special) to entry9a.o(.ARM.Collect$$$$0000000B) for _main_init
    entry.o(.ARM.Collect$$$$00000000) refers (Special) to entry5.o(.ARM.Collect$$$$00000004) for _main_scatterload
    entry.o(.ARM.Collect$$$$00000000) refers (Special) to entry2.o(.ARM.Collect$$$$00000001) for _main_stk
    printfa.o(i.__0fprintf) refers (Special) to iusefp.o(.text) for __I$use$fp
    printfa.o(i.__0fprintf) refers to printfa.o(i._printf_core) for _printf_core
    printfa.o(i.__0fprintf) refers to fputc.o(i.fputc) for fputc
    printfa.o(i.__0printf) refers (Special) to iusefp.o(.text) for __I$use$fp
    printfa.o(i.__0printf) refers to printfa.o(i._printf_core) for _printf_core
    printfa.o(i.__0printf) refers to fputc.o(i.fputc) for fputc
    printfa.o(i.__0printf) refers to stdout.o(.data) for __stdout
    printfa.o(i.__0snprintf) refers (Special) to iusefp.o(.text) for __I$use$fp
    printfa.o(i.__0snprintf) refers to printfa.o(i._printf_core) for _printf_core
    printfa.o(i.__0snprintf) refers to printfa.o(i._snputc) for _snputc
    printfa.o(i.__0sprintf) refers (Special) to iusefp.o(.text) for __I$use$fp
    printfa.o(i.__0sprintf) refers to printfa.o(i._printf_core) for _printf_core
    printfa.o(i.__0sprintf) refers to printfa.o(i._sputc) for _sputc
    printfa.o(i.__0vfprintf) refers (Special) to iusefp.o(.text) for __I$use$fp
    printfa.o(i.__0vfprintf) refers to printfa.o(i._printf_core) for _printf_core
    printfa.o(i.__0vfprintf) refers to fputc.o(i.fputc) for fputc
    printfa.o(i.__0vprintf) refers (Special) to iusefp.o(.text) for __I$use$fp
    printfa.o(i.__0vprintf) refers to printfa.o(i._printf_core) for _printf_core
    printfa.o(i.__0vprintf) refers to fputc.o(i.fputc) for fputc
    printfa.o(i.__0vprintf) refers to stdout.o(.data) for __stdout
    printfa.o(i.__0vsnprintf) refers (Special) to iusefp.o(.text) for __I$use$fp
    printfa.o(i.__0vsnprintf) refers to printfa.o(i._printf_core) for _printf_core
    printfa.o(i.__0vsnprintf) refers to printfa.o(i._snputc) for _snputc
    printfa.o(i.__0vsprintf) refers (Special) to iusefp.o(.text) for __I$use$fp
    printfa.o(i.__0vsprintf) refers to printfa.o(i._printf_core) for _printf_core
    printfa.o(i.__0vsprintf) refers to printfa.o(i._sputc) for _sputc
    printfa.o(i._fp_digits) refers (Special) to iusefp.o(.text) for __I$use$fp
    printfa.o(i._fp_digits) refers to dmul.o(.text) for __aeabi_dmul
    printfa.o(i._fp_digits) refers to ddiv.o(.text) for __aeabi_ddiv
    printfa.o(i._fp_digits) refers to cdrcmple.o(.text) for __aeabi_cdrcmple
    printfa.o(i._fp_digits) refers to dadd.o(.text) for __aeabi_dadd
    printfa.o(i._fp_digits) refers to dfixul.o(.text) for __aeabi_d2ulz
    printfa.o(i._fp_digits) refers to uldiv.o(.text) for __aeabi_uldivmod
    printfa.o(i._printf_core) refers (Special) to iusefp.o(.text) for __I$use$fp
    printfa.o(i._printf_core) refers to printfa.o(i._printf_pre_padding) for _printf_pre_padding
    printfa.o(i._printf_core) refers to uldiv.o(.text) for __aeabi_uldivmod
    printfa.o(i._printf_core) refers to printfa.o(i._printf_post_padding) for _printf_post_padding
    printfa.o(i._printf_core) refers to printfa.o(i._fp_digits) for _fp_digits
    printfa.o(i._printf_core) refers to uidiv.o(.text) for __aeabi_uidivmod
    printfa.o(i._printf_post_padding) refers (Special) to iusefp.o(.text) for __I$use$fp
    printfa.o(i._printf_pre_padding) refers (Special) to iusefp.o(.text) for __I$use$fp
    printfa.o(i._snputc) refers (Special) to iusefp.o(.text) for __I$use$fp
    printfa.o(i._sputc) refers (Special) to iusefp.o(.text) for __I$use$fp
    dadd.o(.text) refers (Special) to iusefp.o(.text) for __I$use$fp
    dadd.o(.text) refers to llshl.o(.text) for __aeabi_llsl
    dadd.o(.text) refers to llsshr.o(.text) for __aeabi_lasr
    dadd.o(.text) refers to depilogue.o(.text) for _double_epilogue
    dmul.o(.text) refers (Special) to iusefp.o(.text) for __I$use$fp
    dmul.o(.text) refers to depilogue.o(.text) for _double_epilogue
    dcmple.o(.text) refers (Special) to iusefp.o(.text) for __I$use$fp
    dcmpge.o(.text) refers (Special) to iusefp.o(.text) for __I$use$fp
    dcmpgt.o(.text) refers (Special) to iusefp.o(.text) for __I$use$fp
    f2d.o(.text) refers (Special) to iusefp.o(.text) for __I$use$fp
    d2f.o(.text) refers (Special) to iusefp.o(.text) for __I$use$fp
    d2f.o(.text) refers to fepilogue.o(.text) for _float_round
    entry2.o(.ARM.Collect$$$$00000001) refers to entry2.o(.ARM.Collect$$$$00002712) for __lit__00000000
    entry2.o(.ARM.Collect$$$$00002712) refers to startup_stm32f439xx.o(STACK) for __initial_sp
    entry2.o(__vectab_stack_and_reset_area) refers to startup_stm32f439xx.o(STACK) for __initial_sp
    entry2.o(__vectab_stack_and_reset_area) refers to entry.o(.ARM.Collect$$$$00000000) for __main
    entry5.o(.ARM.Collect$$$$00000004) refers to init.o(.text) for __scatterload
    entry9a.o(.ARM.Collect$$$$0000000B) refers to main.o(.text) for main
    entry9b.o(.ARM.Collect$$$$0000000C) refers to main.o(.text) for main
    fputc.o(i.fputc) refers (Special) to iusesemip.o(.text) for __I$use$semihosting$fputc
    fputc.o(i.fputc) refers (Special) to semi.o(.text) for __semihosting_library_function
    fputc_h.o(i._fputc$hlt) refers (Special) to iusesemip.o(.text) for __I$use$semihosting$fputc
    fputc_h.o(i._fputc$hlt) refers (Special) to semi.o(.text) for __semihosting_library_function
    uldiv.o(.text) refers to llushr.o(.text) for __aeabi_llsr
    uldiv.o(.text) refers to llshl.o(.text) for __aeabi_llsl
    fepilogue.o(.text) refers (Special) to iusefp.o(.text) for __I$use$fp
    depilogue.o(.text) refers (Special) to iusefp.o(.text) for __I$use$fp
    depilogue.o(.text) refers to llshl.o(.text) for __aeabi_llsl
    depilogue.o(.text) refers to llushr.o(.text) for __aeabi_llsr
    ddiv.o(.text) refers (Special) to iusefp.o(.text) for __I$use$fp
    ddiv.o(.text) refers to depilogue.o(.text) for _double_round
    dfixul.o(.text) refers (Special) to iusefp.o(.text) for __I$use$fp
    dfixul.o(.text) refers to llushr.o(.text) for __aeabi_llsr
    dfixul.o(.text) refers to llshl.o(.text) for __aeabi_llsl
    cdrcmple.o(.text) refers (Special) to iusefp.o(.text) for __I$use$fp
    init.o(.text) refers to entry5.o(.ARM.Collect$$$$00000004) for __main_after_scatterload


==============================================================================

Removing Unused input sections from the image.

    Removing stm32f4xx_it.o(.ARM.exidx), (40 bytes).
    Removing boardsupport.o(.ARM.exidx), (32 bytes).
    Removing main.o(.ARM.exidx), (160 bytes).
    Removing main.o(.ARM.use_no_argv), (4 bytes).
    Removing gpiocontrol.o(.ARM.exidx), (32 bytes).
    Removing startup_stm32f439xx.o(HEAP), (512 bytes).
    Removing system_stm32f4xx.o(.ARM.exidx), (32 bytes).
    Removing system_stm32f4xx.o(.rodata.APBPrescTable), (8 bytes).

8 unused section(s) (total 820 bytes) removed from the image.

==============================================================================

Image Symbol Table

    Local Symbols

    Symbol Name                              Value     Ov Type        Size  Object(Section)

    ../clib/division.s                       0x00000000   Number         0  aeabi_sdiv.o ABSOLUTE
    ../clib/microlib/division.c              0x00000000   Number         0  uidiv.o ABSOLUTE
    ../clib/microlib/division.c              0x00000000   Number         0  uldiv.o ABSOLUTE
    ../clib/microlib/init/entry.s            0x00000000   Number         0  entry.o ABSOLUTE
    ../clib/microlib/init/entry.s            0x00000000   Number         0  entry2.o ABSOLUTE
    ../clib/microlib/init/entry.s            0x00000000   Number         0  entry5.o ABSOLUTE
    ../clib/microlib/init/entry.s            0x00000000   Number         0  entry7a.o ABSOLUTE
    ../clib/microlib/init/entry.s            0x00000000   Number         0  entry7b.o ABSOLUTE
    ../clib/microlib/init/entry.s            0x00000000   Number         0  entry8a.o ABSOLUTE
    ../clib/microlib/init/entry.s            0x00000000   Number         0  entry8b.o ABSOLUTE
    ../clib/microlib/init/entry.s            0x00000000   Number         0  entry9a.o ABSOLUTE
    ../clib/microlib/init/entry.s            0x00000000   Number         0  entry9b.o ABSOLUTE
    ../clib/microlib/init/entry.s            0x00000000   Number         0  entry10a.o ABSOLUTE
    ../clib/microlib/init/entry.s            0x00000000   Number         0  entry10b.o ABSOLUTE
    ../clib/microlib/init/entry.s            0x00000000   Number         0  entry11a.o ABSOLUTE
    ../clib/microlib/init/entry.s            0x00000000   Number         0  entry11b.o ABSOLUTE
    ../clib/microlib/longlong.c              0x00000000   Number         0  llshl.o ABSOLUTE
    ../clib/microlib/longlong.c              0x00000000   Number         0  llsshr.o ABSOLUTE
    ../clib/microlib/longlong.c              0x00000000   Number         0  llushr.o ABSOLUTE
    ../clib/microlib/printf/printf.c         0x00000000   Number         0  printfa.o ABSOLUTE
    ../clib/microlib/stdio/fputc.c           0x00000000   Number         0  fputc.o ABSOLUTE
    ../clib/microlib/stdio/fputc.c           0x00000000   Number         0  fputc_h.o ABSOLUTE
    ../clib/microlib/stdio/semi.s            0x00000000   Number         0  semi.o ABSOLUTE
    ../clib/microlib/stdio/streams.c         0x00000000   Number         0  stdout.o ABSOLUTE
    ../clib/microlib/stubs.s                 0x00000000   Number         0  iusefp.o ABSOLUTE
    ../clib/microlib/stubs.s                 0x00000000   Number         0  iusesemip.o ABSOLUTE
    ../fplib/microlib/d2f.c                  0x00000000   Number         0  d2f.o ABSOLUTE
    ../fplib/microlib/f2d.c                  0x00000000   Number         0  f2d.o ABSOLUTE
    ../fplib/microlib/fpadd.c                0x00000000   Number         0  dadd.o ABSOLUTE
    ../fplib/microlib/fpcmp.c                0x00000000   Number         0  dcmple.o ABSOLUTE
    ../fplib/microlib/fpcmp.c                0x00000000   Number         0  dcmpge.o ABSOLUTE
    ../fplib/microlib/fpcmp.c                0x00000000   Number         0  dcmpgt.o ABSOLUTE
    ../fplib/microlib/fpdiv.c                0x00000000   Number         0  ddiv.o ABSOLUTE
    ../fplib/microlib/fpepilogue.c           0x00000000   Number         0  fepilogue.o ABSOLUTE
    ../fplib/microlib/fpepilogue.c           0x00000000   Number         0  depilogue.o ABSOLUTE
    ../fplib/microlib/fpfix.c                0x00000000   Number         0  dfixul.o ABSOLUTE
    ../fplib/microlib/fpmul.c                0x00000000   Number         0  dmul.o ABSOLUTE
    RTE\Device\STM32F439IIHx\startup_stm32f439xx.s 0x00000000   Number         0  startup_stm32f439xx.o ABSOLUTE
    boardSupport.c                           0x00000000   Number         0  boardsupport.o ABSOLUTE
    cdrcmple.s                               0x00000000   Number         0  cdrcmple.o ABSOLUTE
    dc.s                                     0x00000000   Number         0  dc.o ABSOLUTE
    gpioControl.c                            0x00000000   Number         0  gpiocontrol.o ABSOLUTE
    handlers.s                               0x00000000   Number         0  handlers.o ABSOLUTE
    init.s                                   0x00000000   Number         0  init.o ABSOLUTE
    main.c                                   0x00000000   Number         0  main.o ABSOLUTE
    stm32f4xx_it.c                           0x00000000   Number         0  stm32f4xx_it.o ABSOLUTE
    system_stm32f4xx.c                       0x00000000   Number         0  system_stm32f4xx.o ABSOLUTE
    RESET                                    0x20000000   Section      428  startup_stm32f439xx.o(RESET)
    .ARM.Collect$$$$00000000                 0x200001ac   Section        0  entry.o(.ARM.Collect$$$$00000000)
    .ARM.Collect$$$$00000001                 0x200001ac   Section        4  entry2.o(.ARM.Collect$$$$00000001)
    .ARM.Collect$$$$00000004                 0x200001b0   Section        4  entry5.o(.ARM.Collect$$$$00000004)
    .ARM.Collect$$$$00000008                 0x200001b4   Section        0  entry7b.o(.ARM.Collect$$$$00000008)
    .ARM.Collect$$$$0000000A                 0x200001b4   Section        0  entry8b.o(.ARM.Collect$$$$0000000A)
    .ARM.Collect$$$$0000000B                 0x200001b4   Section        8  entry9a.o(.ARM.Collect$$$$0000000B)
    __lit__00000000                          0x200001bc   Data           4  entry2.o(.ARM.Collect$$$$00002712)
    .ARM.Collect$$$$0000000D                 0x200001bc   Section        0  entry10a.o(.ARM.Collect$$$$0000000D)
    .ARM.Collect$$$$0000000F                 0x200001bc   Section        0  entry11a.o(.ARM.Collect$$$$0000000F)
    .ARM.Collect$$$$00002712                 0x200001bc   Section        4  entry2.o(.ARM.Collect$$$$00002712)
    [Anonymous Symbol]                       0x200001c0   Section        0  stm32f4xx_it.o(.text)
    [Anonymous Symbol]                       0x200001d4   Section        0  boardsupport.o(.text)
    boardSupport_initGPIO                    0x200001dd   Thumb Code    74  boardsupport.o(.text)
    [Anonymous Symbol]                       0x20000280   Section        0  main.o(.text)
    __NVIC_SetPriority                       0x200008f1   Thumb Code    58  main.o(.text)
    __NVIC_EnableIRQ                         0x2000092d   Thumb Code    42  main.o(.text)
    [Anonymous Symbol]                       0x20001268   Section        0  gpiocontrol.o(.text)
    $v0                                      0x20001368   Number         0  startup_stm32f439xx.o(.text)
    .text                                    0x20001368   Section       36  startup_stm32f439xx.o(.text)
    [Anonymous Symbol]                       0x2000138c   Section        0  system_stm32f4xx.o(.text)
    SetSysClock                              0x20001405   Thumb Code   308  system_stm32f4xx.o(.text)
    .text                                    0x20001a2a   Section        0  dadd.o(.text)
    .text                                    0x20001b78   Section        0  dmul.o(.text)
    .text                                    0x20001c5c   Section        0  dcmple.o(.text)
    .text                                    0x20001c92   Section        0  dcmpge.o(.text)
    .text                                    0x20001cc8   Section        0  dcmpgt.o(.text)
    .text                                    0x20001cfe   Section        0  f2d.o(.text)
    .text                                    0x20001d24   Section        0  d2f.o(.text)
    .text                                    0x20001d5c   Section        0  uidiv.o(.text)
    .text                                    0x20001d88   Section        0  uldiv.o(.text)
    .text                                    0x20001dea   Section        0  llshl.o(.text)
    .text                                    0x20001e08   Section        0  llsshr.o(.text)
    .text                                    0x20001e2c   Section        0  iusefp.o(.text)
    .text                                    0x20001e2c   Section        0  fepilogue.o(.text)
    .text                                    0x20001e9a   Section        0  depilogue.o(.text)
    .text                                    0x20001f54   Section        0  ddiv.o(.text)
    .text                                    0x20002032   Section        0  dfixul.o(.text)
    .text                                    0x20002064   Section       48  cdrcmple.o(.text)
    .text                                    0x20002094   Section       48  init.o(.text)
    .text                                    0x200020c4   Section        0  llushr.o(.text)
    i.__0snprintf                            0x200020e4   Section        0  printfa.o(i.__0snprintf)
    i.__scatterload_copy                     0x20002118   Section       14  handlers.o(i.__scatterload_copy)
    i.__scatterload_null                     0x20002126   Section        2  handlers.o(i.__scatterload_null)
    i.__scatterload_zeroinit                 0x20002128   Section       14  handlers.o(i.__scatterload_zeroinit)
    _fp_digits                               0x20002139   Thumb Code   366  printfa.o(i._fp_digits)
    i._fp_digits                             0x20002138   Section        0  printfa.o(i._fp_digits)
    _printf_core                             0x200022bd   Thumb Code  1744  printfa.o(i._printf_core)
    i._printf_core                           0x200022bc   Section        0  printfa.o(i._printf_core)
    _printf_post_padding                     0x20002999   Thumb Code    36  printfa.o(i._printf_post_padding)
    i._printf_post_padding                   0x20002998   Section        0  printfa.o(i._printf_post_padding)
    _printf_pre_padding                      0x200029bd   Thumb Code    46  printfa.o(i._printf_pre_padding)
    i._printf_pre_padding                    0x200029bc   Section        0  printfa.o(i._printf_pre_padding)
    _snputc                                  0x200029eb   Thumb Code    22  printfa.o(i._snputc)
    i._snputc                                0x200029ea   Section        0  printfa.o(i._snputc)
    .L.str                                   0x20002a10   Data           9  main.o(.rodata.str1.1)
    [Anonymous Symbol]                       0x20002a10   Section        0  main.o(.rodata.str1.1)
    construct_packet.packet                  0x2001000c   Data           5  main.o(.bss.construct_packet.packet)
    [Anonymous Symbol]                       0x2001000c   Section        0  main.o(.bss.construct_packet.packet)
    getPacket.state                          0x20010038   Data           1  main.o(.bss.getPacket.state)
    [Anonymous Symbol]                       0x20010038   Section        0  main.o(.bss.getPacket.state)
    STACK                                    0x20010050   Section     1024  startup_stm32f439xx.o(STACK)

    Global Symbols

    Symbol Name                              Value     Ov Type        Size  Object(Section)

    BuildAttributes$$THM_ISAv4$E$P$D$K$B$S$7EM$VFPi3$EXTD16$VFPS$VFMA$PE$A:L22UL41UL21$X:L11$S22US41US21$IEEE1$IW$~IW$USESV6$~STKCKD$USESV7$WCHAR32$ENUMINT$~SHL$OTIME$ROPI$EBA8$MICROLIB$REQ8$PRES8$EABIv2 0x00000000   Number         0  anon$$obj.o ABSOLUTE
    __cpp_initialize__aeabi_                  - Undefined Weak Reference
    __cxa_finalize                            - Undefined Weak Reference
    __decompress                              - Undefined Weak Reference
    _clock_init                               - Undefined Weak Reference
    _microlib_exit                            - Undefined Weak Reference
    __Vectors_Size                           0x000001ac   Number         0  startup_stm32f439xx.o ABSOLUTE
    __Vectors                                0x20000000   Data           4  startup_stm32f439xx.o(RESET)
    __Vectors_End                            0x200001ac   Data           0  startup_stm32f439xx.o(RESET)
    __main                                   0x200001ad   Thumb Code     0  entry.o(.ARM.Collect$$$$00000000)
    _main_stk                                0x200001ad   Thumb Code     0  entry2.o(.ARM.Collect$$$$00000001)
    _main_scatterload                        0x200001b1   Thumb Code     0  entry5.o(.ARM.Collect$$$$00000004)
    __main_after_scatterload                 0x200001b5   Thumb Code     0  entry5.o(.ARM.Collect$$$$00000004)
    _main_clock                              0x200001b5   Thumb Code     0  entry7b.o(.ARM.Collect$$$$00000008)
    _main_cpp_init                           0x200001b5   Thumb Code     0  entry8b.o(.ARM.Collect$$$$0000000A)
    _main_init                               0x200001b5   Thumb Code     0  entry9a.o(.ARM.Collect$$$$0000000B)
    __rt_final_cpp                           0x200001bd   Thumb Code     0  entry10a.o(.ARM.Collect$$$$0000000D)
    __rt_final_exit                          0x200001bd   Thumb Code     0  entry11a.o(.ARM.Collect$$$$0000000F)
    NMI_Handler                              0x200001c1   Thumb Code     2  stm32f4xx_it.o(.text)
    MemManage_Handler                        0x200001c5   Thumb Code     4  stm32f4xx_it.o(.text)
    BusFault_Handler                         0x200001c9   Thumb Code     4  stm32f4xx_it.o(.text)
    UsageFault_Handler                       0x200001cd   Thumb Code     4  stm32f4xx_it.o(.text)
    DebugMon_Handler                         0x200001d1   Thumb Code     2  stm32f4xx_it.o(.text)
    boardSupport_init                        0x200001d5   Thumb Code     8  boardsupport.o(.text)
    delay_software_ms                        0x20000229   Thumb Code    42  boardsupport.o(.text)
    delay_software_us                        0x20000255   Thumb Code    40  boardsupport.o(.text)
    RCC_init                                 0x20000281   Thumb Code   202  main.o(.text)
    LED_GPIO_config                          0x2000034d   Thumb Code   336  main.o(.text)
    Input_GPIO_config                        0x2000049d   Thumb Code   258  main.o(.text)
    ADC_config                               0x200005a1   Thumb Code   128  main.o(.text)
    UART_config                              0x20000621   Thumb Code   172  main.o(.text)
    timer6_config                            0x200006cd   Thumb Code    84  main.o(.text)
    main                                     0x20000721   Thumb Code   464  main.o(.text)
    adc_to_temp                              0x20000959   Thumb Code    88  main.o(.text)
    debounce                                 0x200009c1   Thumb Code   186  main.o(.text)
    send_data                                0x20000a7d   Thumb Code   130  main.o(.text)
    fanLightLogic                            0x20000b01   Thumb Code   228  main.o(.text)
    getPacket                                0x20000be9   Thumb Code   312  main.o(.text)
    TIM6_DAC_IRQHandler                      0x20000d31   Thumb Code   100  main.o(.text)
    sample_ADC                               0x20000d95   Thumb Code    68  main.o(.text)
    construct_packet                         0x20000dd9   Thumb Code   464  main.o(.text)
    getByte                                  0x20000fb1   Thumb Code    50  main.o(.text)
    tempControl                              0x20000fe9   Thumb Code   416  main.o(.text)
    ledControl                               0x20001199   Thumb Code   206  main.o(.text)
    gpio_configureGPIO                       0x20001269   Thumb Code   160  gpiocontrol.o(.text)
    gpio_setGPIO                             0x20001309   Thumb Code    26  gpiocontrol.o(.text)
    gpio_resetGPIO                           0x20001325   Thumb Code    30  gpiocontrol.o(.text)
    gpio_getPinValue                         0x20001345   Thumb Code    36  gpiocontrol.o(.text)
    Reset_Handler                            0x20001369   Thumb Code     8  startup_stm32f439xx.o(.text)
    HardFault_Handler                        0x20001373   Thumb Code     2  startup_stm32f439xx.o(.text)
    SVC_Handler                              0x2000137b   Thumb Code     2  startup_stm32f439xx.o(.text)
    PendSV_Handler                           0x2000137f   Thumb Code     2  startup_stm32f439xx.o(.text)
    SysTick_Handler                          0x20001381   Thumb Code     2  startup_stm32f439xx.o(.text)
    ADC_IRQHandler                           0x20001383   Thumb Code     0  startup_stm32f439xx.o(.text)
    CAN1_RX0_IRQHandler                      0x20001383   Thumb Code     0  startup_stm32f439xx.o(.text)
    CAN1_RX1_IRQHandler                      0x20001383   Thumb Code     0  startup_stm32f439xx.o(.text)
    CAN1_SCE_IRQHandler                      0x20001383   Thumb Code     0  startup_stm32f439xx.o(.text)
    CAN1_TX_IRQHandler                       0x20001383   Thumb Code     0  startup_stm32f439xx.o(.text)
    CAN2_RX0_IRQHandler                      0x20001383   Thumb Code     0  startup_stm32f439xx.o(.text)
    CAN2_RX1_IRQHandler                      0x20001383   Thumb Code     0  startup_stm32f439xx.o(.text)
    CAN2_SCE_IRQHandler                      0x20001383   Thumb Code     0  startup_stm32f439xx.o(.text)
    CAN2_TX_IRQHandler                       0x20001383   Thumb Code     0  startup_stm32f439xx.o(.text)
    CRYP_IRQHandler                          0x20001383   Thumb Code     0  startup_stm32f439xx.o(.text)
    DCMI_IRQHandler                          0x20001383   Thumb Code     0  startup_stm32f439xx.o(.text)
    DMA1_Stream0_IRQHandler                  0x20001383   Thumb Code     0  startup_stm32f439xx.o(.text)
    DMA1_Stream1_IRQHandler                  0x20001383   Thumb Code     0  startup_stm32f439xx.o(.text)
    DMA1_Stream2_IRQHandler                  0x20001383   Thumb Code     0  startup_stm32f439xx.o(.text)
    DMA1_Stream3_IRQHandler                  0x20001383   Thumb Code     0  startup_stm32f439xx.o(.text)
    DMA1_Stream4_IRQHandler                  0x20001383   Thumb Code     0  startup_stm32f439xx.o(.text)
    DMA1_Stream5_IRQHandler                  0x20001383   Thumb Code     0  startup_stm32f439xx.o(.text)
    DMA1_Stream6_IRQHandler                  0x20001383   Thumb Code     0  startup_stm32f439xx.o(.text)
    DMA1_Stream7_IRQHandler                  0x20001383   Thumb Code     0  startup_stm32f439xx.o(.text)
    DMA2D_IRQHandler                         0x20001383   Thumb Code     0  startup_stm32f439xx.o(.text)
    DMA2_Stream0_IRQHandler                  0x20001383   Thumb Code     0  startup_stm32f439xx.o(.text)
    DMA2_Stream1_IRQHandler                  0x20001383   Thumb Code     0  startup_stm32f439xx.o(.text)
    DMA2_Stream2_IRQHandler                  0x20001383   Thumb Code     0  startup_stm32f439xx.o(.text)
    DMA2_Stream3_IRQHandler                  0x20001383   Thumb Code     0  startup_stm32f439xx.o(.text)
    DMA2_Stream4_IRQHandler                  0x20001383   Thumb Code     0  startup_stm32f439xx.o(.text)
    DMA2_Stream5_IRQHandler                  0x20001383   Thumb Code     0  startup_stm32f439xx.o(.text)
    DMA2_Stream6_IRQHandler                  0x20001383   Thumb Code     0  startup_stm32f439xx.o(.text)
    DMA2_Stream7_IRQHandler                  0x20001383   Thumb Code     0  startup_stm32f439xx.o(.text)
    ETH_IRQHandler                           0x20001383   Thumb Code     0  startup_stm32f439xx.o(.text)
    ETH_WKUP_IRQHandler                      0x20001383   Thumb Code     0  startup_stm32f439xx.o(.text)
    EXTI0_IRQHandler                         0x20001383   Thumb Code     0  startup_stm32f439xx.o(.text)
    EXTI15_10_IRQHandler                     0x20001383   Thumb Code     0  startup_stm32f439xx.o(.text)
    EXTI1_IRQHandler                         0x20001383   Thumb Code     0  startup_stm32f439xx.o(.text)
    EXTI2_IRQHandler                         0x20001383   Thumb Code     0  startup_stm32f439xx.o(.text)
    EXTI3_IRQHandler                         0x20001383   Thumb Code     0  startup_stm32f439xx.o(.text)
    EXTI4_IRQHandler                         0x20001383   Thumb Code     0  startup_stm32f439xx.o(.text)
    EXTI9_5_IRQHandler                       0x20001383   Thumb Code     0  startup_stm32f439xx.o(.text)
    FLASH_IRQHandler                         0x20001383   Thumb Code     0  startup_stm32f439xx.o(.text)
    FMC_IRQHandler                           0x20001383   Thumb Code     0  startup_stm32f439xx.o(.text)
    FPU_IRQHandler                           0x20001383   Thumb Code     0  startup_stm32f439xx.o(.text)
    HASH_RNG_IRQHandler                      0x20001383   Thumb Code     0  startup_stm32f439xx.o(.text)
    I2C1_ER_IRQHandler                       0x20001383   Thumb Code     0  startup_stm32f439xx.o(.text)
    I2C1_EV_IRQHandler                       0x20001383   Thumb Code     0  startup_stm32f439xx.o(.text)
    I2C2_ER_IRQHandler                       0x20001383   Thumb Code     0  startup_stm32f439xx.o(.text)
    I2C2_EV_IRQHandler                       0x20001383   Thumb Code     0  startup_stm32f439xx.o(.text)
    I2C3_ER_IRQHandler                       0x20001383   Thumb Code     0  startup_stm32f439xx.o(.text)
    I2C3_EV_IRQHandler                       0x20001383   Thumb Code     0  startup_stm32f439xx.o(.text)
    LTDC_ER_IRQHandler                       0x20001383   Thumb Code     0  startup_stm32f439xx.o(.text)
    LTDC_IRQHandler                          0x20001383   Thumb Code     0  startup_stm32f439xx.o(.text)
    OTG_FS_IRQHandler                        0x20001383   Thumb Code     0  startup_stm32f439xx.o(.text)
    OTG_FS_WKUP_IRQHandler                   0x20001383   Thumb Code     0  startup_stm32f439xx.o(.text)
    OTG_HS_EP1_IN_IRQHandler                 0x20001383   Thumb Code     0  startup_stm32f439xx.o(.text)
    OTG_HS_EP1_OUT_IRQHandler                0x20001383   Thumb Code     0  startup_stm32f439xx.o(.text)
    OTG_HS_IRQHandler                        0x20001383   Thumb Code     0  startup_stm32f439xx.o(.text)
    OTG_HS_WKUP_IRQHandler                   0x20001383   Thumb Code     0  startup_stm32f439xx.o(.text)
    PVD_IRQHandler                           0x20001383   Thumb Code     0  startup_stm32f439xx.o(.text)
    RCC_IRQHandler                           0x20001383   Thumb Code     0  startup_stm32f439xx.o(.text)
    RTC_Alarm_IRQHandler                     0x20001383   Thumb Code     0  startup_stm32f439xx.o(.text)
    RTC_WKUP_IRQHandler                      0x20001383   Thumb Code     0  startup_stm32f439xx.o(.text)
    SAI1_IRQHandler                          0x20001383   Thumb Code     0  startup_stm32f439xx.o(.text)
    SDIO_IRQHandler                          0x20001383   Thumb Code     0  startup_stm32f439xx.o(.text)
    SPI1_IRQHandler                          0x20001383   Thumb Code     0  startup_stm32f439xx.o(.text)
    SPI2_IRQHandler                          0x20001383   Thumb Code     0  startup_stm32f439xx.o(.text)
    SPI3_IRQHandler                          0x20001383   Thumb Code     0  startup_stm32f439xx.o(.text)
    SPI4_IRQHandler                          0x20001383   Thumb Code     0  startup_stm32f439xx.o(.text)
    SPI5_IRQHandler                          0x20001383   Thumb Code     0  startup_stm32f439xx.o(.text)
    SPI6_IRQHandler                          0x20001383   Thumb Code     0  startup_stm32f439xx.o(.text)
    TAMP_STAMP_IRQHandler                    0x20001383   Thumb Code     0  startup_stm32f439xx.o(.text)
    TIM1_BRK_TIM9_IRQHandler                 0x20001383   Thumb Code     0  startup_stm32f439xx.o(.text)
    TIM1_CC_IRQHandler                       0x20001383   Thumb Code     0  startup_stm32f439xx.o(.text)
    TIM1_TRG_COM_TIM11_IRQHandler            0x20001383   Thumb Code     0  startup_stm32f439xx.o(.text)
    TIM1_UP_TIM10_IRQHandler                 0x20001383   Thumb Code     0  startup_stm32f439xx.o(.text)
    TIM2_IRQHandler                          0x20001383   Thumb Code     0  startup_stm32f439xx.o(.text)
    TIM3_IRQHandler                          0x20001383   Thumb Code     0  startup_stm32f439xx.o(.text)
    TIM4_IRQHandler                          0x20001383   Thumb Code     0  startup_stm32f439xx.o(.text)
    TIM5_IRQHandler                          0x20001383   Thumb Code     0  startup_stm32f439xx.o(.text)
    TIM7_IRQHandler                          0x20001383   Thumb Code     0  startup_stm32f439xx.o(.text)
    TIM8_BRK_TIM12_IRQHandler                0x20001383   Thumb Code     0  startup_stm32f439xx.o(.text)
    TIM8_CC_IRQHandler                       0x20001383   Thumb Code     0  startup_stm32f439xx.o(.text)
    TIM8_TRG_COM_TIM14_IRQHandler            0x20001383   Thumb Code     0  startup_stm32f439xx.o(.text)
    TIM8_UP_TIM13_IRQHandler                 0x20001383   Thumb Code     0  startup_stm32f439xx.o(.text)
    UART4_IRQHandler                         0x20001383   Thumb Code     0  startup_stm32f439xx.o(.text)
    UART5_IRQHandler                         0x20001383   Thumb Code     0  startup_stm32f439xx.o(.text)
    UART7_IRQHandler                         0x20001383   Thumb Code     0  startup_stm32f439xx.o(.text)
    UART8_IRQHandler                         0x20001383   Thumb Code     0  startup_stm32f439xx.o(.text)
    USART1_IRQHandler                        0x20001383   Thumb Code     0  startup_stm32f439xx.o(.text)
    USART2_IRQHandler                        0x20001383   Thumb Code     0  startup_stm32f439xx.o(.text)
    USART3_IRQHandler                        0x20001383   Thumb Code     0  startup_stm32f439xx.o(.text)
    USART6_IRQHandler                        0x20001383   Thumb Code     0  startup_stm32f439xx.o(.text)
    WWDG_IRQHandler                          0x20001383   Thumb Code     0  startup_stm32f439xx.o(.text)
    SystemInit                               0x2000138d   Thumb Code   120  system_stm32f4xx.o(.text)
    SystemInit_ExtMemCtl                     0x20001539   Thumb Code   964  system_stm32f4xx.o(.text)
    SystemCoreClockUpdate                    0x200018fd   Thumb Code   302  system_stm32f4xx.o(.text)
    __aeabi_dadd                             0x20001a2b   Thumb Code   322  dadd.o(.text)
    __aeabi_dsub                             0x20001b6d   Thumb Code     6  dadd.o(.text)
    __aeabi_drsub                            0x20001b73   Thumb Code     6  dadd.o(.text)
    __aeabi_dmul                             0x20001b79   Thumb Code   228  dmul.o(.text)
    __aeabi_dcmple                           0x20001c5d   Thumb Code    54  dcmple.o(.text)
    __aeabi_dcmpge                           0x20001c93   Thumb Code    54  dcmpge.o(.text)
    __aeabi_dcmpgt                           0x20001cc9   Thumb Code    54  dcmpgt.o(.text)
    __aeabi_f2d                              0x20001cff   Thumb Code    38  f2d.o(.text)
    __aeabi_d2f                              0x20001d25   Thumb Code    56  d2f.o(.text)
    __aeabi_uidiv                            0x20001d5d   Thumb Code     0  uidiv.o(.text)
    __aeabi_uidivmod                         0x20001d5d   Thumb Code    44  uidiv.o(.text)
    __aeabi_uldivmod                         0x20001d89   Thumb Code    98  uldiv.o(.text)
    __aeabi_llsl                             0x20001deb   Thumb Code    30  llshl.o(.text)
    _ll_shift_l                              0x20001deb   Thumb Code     0  llshl.o(.text)
    __aeabi_lasr                             0x20001e09   Thumb Code    36  llsshr.o(.text)
    _ll_sshift_r                             0x20001e09   Thumb Code     0  llsshr.o(.text)
    __I$use$fp                               0x20001e2d   Thumb Code     0  iusefp.o(.text)
    _float_round                             0x20001e2d   Thumb Code    18  fepilogue.o(.text)
    _float_epilogue                          0x20001e3f   Thumb Code    92  fepilogue.o(.text)
    _double_round                            0x20001e9b   Thumb Code    30  depilogue.o(.text)
    _double_epilogue                         0x20001eb9   Thumb Code   156  depilogue.o(.text)
    __aeabi_ddiv                             0x20001f55   Thumb Code   222  ddiv.o(.text)
    __aeabi_d2ulz                            0x20002033   Thumb Code    48  dfixul.o(.text)
    __aeabi_cdrcmple                         0x20002065   Thumb Code    48  cdrcmple.o(.text)
    __scatterload                            0x20002095   Thumb Code    38  init.o(.text)
    __scatterload_rt2                        0x20002095   Thumb Code     0  init.o(.text)
    __aeabi_llsr                             0x200020c5   Thumb Code    32  llushr.o(.text)
    _ll_ushift_r                             0x200020c5   Thumb Code     0  llushr.o(.text)
    __0snprintf                              0x200020e5   Thumb Code    48  printfa.o(i.__0snprintf)
    __1snprintf                              0x200020e5   Thumb Code     0  printfa.o(i.__0snprintf)
    __2snprintf                              0x200020e5   Thumb Code     0  printfa.o(i.__0snprintf)
    __c89snprintf                            0x200020e5   Thumb Code     0  printfa.o(i.__0snprintf)
    snprintf                                 0x200020e5   Thumb Code     0  printfa.o(i.__0snprintf)
    __scatterload_copy                       0x20002119   Thumb Code    14  handlers.o(i.__scatterload_copy)
    __scatterload_null                       0x20002127   Thumb Code     2  handlers.o(i.__scatterload_null)
    __scatterload_zeroinit                   0x20002129   Thumb Code    14  handlers.o(i.__scatterload_zeroinit)
    AHBPrescTable                            0x20002a00   Data          16  system_stm32f4xx.o(.rodata.AHBPrescTable)
    Region$$Table$$Base                      0x20002a1c   Number         0  anon$$obj.o(Region$$Table)
    Region$$Table$$Limit                     0x20002a3c   Number         0  anon$$obj.o(Region$$Table)
    SystemCoreClock                          0x20010000   Data           4  system_stm32f4xx.o(.data.SystemCoreClock)
    autoControl                              0x20010004   Data           1  main.o(.data.autoControl)
    auto_lockout                             0x20010008   Data           4  main.o(.bss.auto_lockout)
    currentTemp                              0x20010018   Data           8  main.o(.bss.currentTemp)
    fanButton                                0x20010020   Data          16  main.o(.bss.fanButton)
    fanControl                               0x20010030   Data           1  main.o(.bss.fanControl)
    fan_lockout                              0x20010034   Data           4  main.o(.bss.fan_lockout)
    isCoolingOn                              0x20010039   Data           1  main.o(.bss.isCoolingOn)
    isHeaterOn                               0x2001003a   Data           1  main.o(.bss.isHeaterOn)
    lightButton                              0x2001003c   Data          16  main.o(.bss.lightButton)
    ms_counter                               0x2001004c   Data           4  main.o(.bss.ms_counter)
    __initial_sp                             0x20010450   Data           0  startup_stm32f439xx.o(STACK)



==============================================================================

Memory Map of the image

  Image Entry point : 0x200001ad

  Load Region LR_IROM1 (Base: 0x20000000, Size: 0x00002a48, Max: 0x00010000, ABSOLUTE)

    Execution Region ER_IROM1 (Exec base: 0x20000000, Load base: 0x20000000, Size: 0x00002a3c, Max: 0x00010000, ABSOLUTE)

    Exec Addr    Load Addr    Size         Type   Attr      Idx    E Section Name        Object

    0x20000000   0x20000000   0x000001ac   Data   RO           45    RESET               startup_stm32f439xx.o
    0x200001ac   0x200001ac   0x00000000   Code   RO           62  * .ARM.Collect$$$$00000000  mc_w.l(entry.o)
    0x200001ac   0x200001ac   0x00000004   Code   RO          107    .ARM.Collect$$$$00000001  mc_w.l(entry2.o)
    0x200001b0   0x200001b0   0x00000004   Code   RO          110    .ARM.Collect$$$$00000004  mc_w.l(entry5.o)
    0x200001b4   0x200001b4   0x00000000   Code   RO          112    .ARM.Collect$$$$00000008  mc_w.l(entry7b.o)
    0x200001b4   0x200001b4   0x00000000   Code   RO          114    .ARM.Collect$$$$0000000A  mc_w.l(entry8b.o)
    0x200001b4   0x200001b4   0x00000008   Code   RO          115    .ARM.Collect$$$$0000000B  mc_w.l(entry9a.o)
    0x200001bc   0x200001bc   0x00000000   Code   RO          117    .ARM.Collect$$$$0000000D  mc_w.l(entry10a.o)
    0x200001bc   0x200001bc   0x00000000   Code   RO          119    .ARM.Collect$$$$0000000F  mc_w.l(entry11a.o)
    0x200001bc   0x200001bc   0x00000004   Code   RO          108    .ARM.Collect$$$$00002712  mc_w.l(entry2.o)
    0x200001c0   0x200001c0   0x00000012   Code   RO            1    .text               stm32f4xx_it.o
    0x200001d2   0x200001d2   0x00000002   PAD
    0x200001d4   0x200001d4   0x000000a8   Code   RO            8    .text               boardsupport.o
    0x2000027c   0x2000027c   0x00000004   PAD
    0x20000280   0x20000280   0x00000fe6   Code   RO           15    .text               main.o
    0x20001266   0x20001266   0x00000002   PAD
    0x20001268   0x20001268   0x00000100   Code   RO           36    .text               gpiocontrol.o
    0x20001368   0x20001368   0x00000024   Code   RO           46    .text               startup_stm32f439xx.o
    0x2000138c   0x2000138c   0x0000069e   Code   RO           52    .text               system_stm32f4xx.o
    0x20001a2a   0x20001a2a   0x0000014e   Code   RO           93    .text               mf_w.l(dadd.o)
    0x20001b78   0x20001b78   0x000000e4   Code   RO           95    .text               mf_w.l(dmul.o)
    0x20001c5c   0x20001c5c   0x00000036   Code   RO           97    .text               mf_w.l(dcmple.o)
    0x20001c92   0x20001c92   0x00000036   Code   RO           99    .text               mf_w.l(dcmpge.o)
    0x20001cc8   0x20001cc8   0x00000036   Code   RO          101    .text               mf_w.l(dcmpgt.o)
    0x20001cfe   0x20001cfe   0x00000026   Code   RO          103    .text               mf_w.l(f2d.o)
    0x20001d24   0x20001d24   0x00000038   Code   RO          105    .text               mf_w.l(d2f.o)
    0x20001d5c   0x20001d5c   0x0000002c   Code   RO          135    .text               mc_w.l(uidiv.o)
    0x20001d88   0x20001d88   0x00000062   Code   RO          137    .text               mc_w.l(uldiv.o)
    0x20001dea   0x20001dea   0x0000001e   Code   RO          139    .text               mc_w.l(llshl.o)
    0x20001e08   0x20001e08   0x00000024   Code   RO          141    .text               mc_w.l(llsshr.o)
    0x20001e2c   0x20001e2c   0x00000000   Code   RO          143    .text               mc_w.l(iusefp.o)
    0x20001e2c   0x20001e2c   0x0000006e   Code   RO          144    .text               mf_w.l(fepilogue.o)
    0x20001e9a   0x20001e9a   0x000000ba   Code   RO          146    .text               mf_w.l(depilogue.o)
    0x20001f54   0x20001f54   0x000000de   Code   RO          148    .text               mf_w.l(ddiv.o)
    0x20002032   0x20002032   0x00000030   Code   RO          150    .text               mf_w.l(dfixul.o)
    0x20002062   0x20002062   0x00000002   PAD
    0x20002064   0x20002064   0x00000030   Code   RO          152    .text               mf_w.l(cdrcmple.o)
    0x20002094   0x20002094   0x00000030   Code   RO          154    .text               mc_w.l(init.o)
    0x200020c4   0x200020c4   0x00000020   Code   RO          157    .text               mc_w.l(llushr.o)
    0x200020e4   0x200020e4   0x00000034   Code   RO           67    i.__0snprintf       mc_w.l(printfa.o)
    0x20002118   0x20002118   0x0000000e   Code   RO          162    i.__scatterload_copy  mc_w.l(handlers.o)
    0x20002126   0x20002126   0x00000002   Code   RO          163    i.__scatterload_null  mc_w.l(handlers.o)
    0x20002128   0x20002128   0x0000000e   Code   RO          164    i.__scatterload_zeroinit  mc_w.l(handlers.o)
    0x20002136   0x20002136   0x00000002   PAD
    0x20002138   0x20002138   0x00000184   Code   RO           73    i._fp_digits        mc_w.l(printfa.o)
    0x200022bc   0x200022bc   0x000006dc   Code   RO           74    i._printf_core      mc_w.l(printfa.o)
    0x20002998   0x20002998   0x00000024   Code   RO           75    i._printf_post_padding  mc_w.l(printfa.o)
    0x200029bc   0x200029bc   0x0000002e   Code   RO           76    i._printf_pre_padding  mc_w.l(printfa.o)
    0x200029ea   0x200029ea   0x00000016   Code   RO           77    i._snputc           mc_w.l(printfa.o)
    0x20002a00   0x20002a00   0x00000010   Data   RO           55    .rodata.AHBPrescTable  system_stm32f4xx.o
    0x20002a10   0x20002a10   0x00000009   Data   RO           28    .rodata.str1.1      main.o
    0x20002a19   0x20002a19   0x00000003   PAD
    0x20002a1c   0x20002a1c   0x00000020   Data   RO          161    Region$$Table       anon$$obj.o


    Execution Region RW_IRAM1 (Exec base: 0x20010000, Load base: 0x20002a40, Size: 0x00000450, Max: 0x00010000, ABSOLUTE)

    Exec Addr    Load Addr    Size         Type   Attr      Idx    E Section Name        Object

    0x20010000   0x20002a40   0x00000004   Data   RW           54    .data.SystemCoreClock  system_stm32f4xx.o
    0x20010004   0x20002a44   0x00000001   Data   RW           21    .data.autoControl   main.o
    0x20010005   0x20002a45   0x00000003   PAD
    0x20010008        -       0x00000004   Zero   RW           23    .bss.auto_lockout   main.o
    0x2001000c        -       0x00000005   Zero   RW           27    .bss.construct_packet.packet  main.o
    0x20010011   0x20002a45   0x00000007   PAD
    0x20010018        -       0x00000008   Zero   RW           19    .bss.currentTemp    main.o
    0x20010020        -       0x00000010   Zero   RW           25    .bss.fanButton      main.o
    0x20010030        -       0x00000001   Zero   RW           22    .bss.fanControl     main.o
    0x20010031   0x20002a45   0x00000003   PAD
    0x20010034        -       0x00000004   Zero   RW           24    .bss.fan_lockout    main.o
    0x20010038        -       0x00000001   Zero   RW           29    .bss.getPacket.state  main.o
    0x20010039        -       0x00000001   Zero   RW           18    .bss.isCoolingOn    main.o
    0x2001003a        -       0x00000001   Zero   RW           17    .bss.isHeaterOn     main.o
    0x2001003b   0x20002a45   0x00000001   PAD
    0x2001003c        -       0x00000010   Zero   RW           26    .bss.lightButton    main.o
    0x2001004c        -       0x00000004   Zero   RW           20    .bss.ms_counter     main.o
    0x20010050        -       0x00000400   Zero   RW           43    STACK               startup_stm32f439xx.o


==============================================================================

Image component sizes


      Code (inc. data)   RO Data    RW Data    ZI Data      Debug   Object Name

       168          0          0          0          0       2192   boardsupport.o
       256          0          0          0          0       2382   gpiocontrol.o
      4070         60          9          1         61      10162   main.o
        36          8        428          0       1024        932   startup_stm32f439xx.o
        18          0          0          0          0        645   stm32f4xx_it.o
      1694          0         16          4          0       4158   system_stm32f4xx.o

    ----------------------------------------------------------------------
      6250         68        488          8       1096      20471   Object Totals
         0          0         32          0          0          0   (incl. Generated)
         8          0          3          3         11          0   (incl. Padding)

    ----------------------------------------------------------------------

      Code (inc. data)   RO Data    RW Data    ZI Data      Debug   Library Member Name

         0          0          0          0          0          0   entry.o
         0          0          0          0          0          0   entry10a.o
         0          0          0          0          0          0   entry11a.o
         8          4          0          0          0          0   entry2.o
         4          0          0          0          0          0   entry5.o
         0          0          0          0          0          0   entry7b.o
         0          0          0          0          0          0   entry8b.o
         8          4          0          0          0          0   entry9a.o
        30          0          0          0          0          0   handlers.o
        48         10          0          0          0         68   init.o
         0          0          0          0          0          0   iusefp.o
        30          0          0          0          0         68   llshl.o
        36          0          0          0          0         68   llsshr.o
        32          0          0          0          0         68   llushr.o
      2300         84          0          0          0        524   printfa.o
        44          0          0          0          0         80   uidiv.o
        98          0          0          0          0         92   uldiv.o
        48          0          0          0          0         68   cdrcmple.o
        56          0          0          0          0         88   d2f.o
       334          0          0          0          0        148   dadd.o
        54          0          0          0          0         80   dcmpge.o
        54          0          0          0          0         80   dcmpgt.o
        54          0          0          0          0         80   dcmple.o
       222          0          0          0          0        100   ddiv.o
       186          0          0          0          0        176   depilogue.o
        48          0          0          0          0         68   dfixul.o
       228          0          0          0          0         96   dmul.o
        38          0          0          0          0         68   f2d.o
       110          0          0          0          0        168   fepilogue.o

    ----------------------------------------------------------------------
      4074        102          0          0          0       2188   Library Totals
         4          0          0          0          0          0   (incl. Padding)

    ----------------------------------------------------------------------

      Code (inc. data)   RO Data    RW Data    ZI Data      Debug   Library Name

      2638        102          0          0          0        968   mc_w.l
      1432          0          0          0          0       1220   mf_w.l

    ----------------------------------------------------------------------
      4074        102          0          0          0       2188   Library Totals

    ----------------------------------------------------------------------

==============================================================================


      Code (inc. data)   RO Data    RW Data    ZI Data      Debug   

     10324        170        488          8       1096      21691   Grand Totals
     10324        170        488          8       1096      21691   ELF Image Totals
     10324        170        488          8          0          0   ROM Totals

==============================================================================

    Total RO  Size (Code + RO Data)                10812 (  10.56kB)
    Total RW  Size (RW Data + ZI Data)              1104 (   1.08kB)
    Total ROM Size (Code + RO Data + RW Data)      10820 (  10.57kB)

==============================================================================

